Microchip MPLAB XC8 Compiler V2.40

Linker command line:

-W-3 \
  --edf=C:\Program Files\Microchip\xc8\v2.40\pic\dat\20220703182018_en.msgs \
  -cn -h+dist/default/production\LABORATORIO01.X.production.sym \
  --cmf=dist/default/production\LABORATORIO01.X.production.cmf -z -Q16F887 \
  -oC:\Users\carlo\AppData\Local\Temp\xcAsffg.4 --defsym=__MPLAB_BUILD=1 \
  --fixupoverflow=error \
  -Mdist/default/production/LABORATORIO01.X.production.map \
  --md=C:\Users\carlo\AppData\Local\Temp\xcAsffg.dat -E1 -ver=XC8 Compiler \
  --acfsm=1493 -ACODE=00h-07FFhx4 -ASTRCODE=00h-01FFFh -ASTRING=00h-0FFhx32 \
  -ACONST=00h-0FFhx32 -AENTRY=00h-0FFhx32 -ACOMMON=070h-07Fh \
  -ABANK0=020h-06Fh -ABANK1=0A0h-0EFh -ABANK2=0110h-016Fh \
  -ABANK3=0190h-01EFh -ARAM=020h-06Fh,0A0h-0EFh,0110h-016Fh,0190h-01EFh \
  -AABS1=020h-07Fh,0A0h-0EFh,0110h-016Fh,0190h-01EFh -ASFR0=00h-01Fh \
  -ASFR1=080h-09Fh -ASFR2=0100h-010Fh -ASFR3=0180h-018Fh \
  -ACONFIG=02007h-02008h -DCONFIG=2 -AIDLOC=02000h-02003h -DIDLOC=2 \
  -AEEDATA=00h-0FFh/02100h -peeprom_data=EEDATA -DEEDATA=2 -DCODE=2 \
  -DSTRCODE=2 -DSTRING=2 -DCONST=2 -DENTRY=2 \
  -preset_vec=00h,intentry=04h,init,end_init -ppowerup=CODE -pcinit=CODE \
  -pfunctab=ENTRY -k C:\Users\carlo\AppData\Local\Temp\xcAsffg.o \
  dist/default/production\LABORATORIO01.X.production.o 

Object code version is 3.11

Machine type is 16F887



                Name                               Link     Load   Length Selector   Space Scale
C:\Users\carlo\AppData\Local\Temp\xcAsffg.o
                end_init                             10       10        3        8       0
                reset_vec                             0        0        3        0       0
                config                             2007     2007        2        0       4
                idloc                              2000     2000        4        0       5
dist/default/production\LABORATORIO01.X.production.o
                cinit                                13       13       1E        8       0
                intentry                              4        4        C        8       0
                config                             2007     2007        2        0       4
                idloc                              2000     2000        4        0       5
                text9                               160      160       76        8       0
                text8                                31       31       B8        8       0
                text7                               20A      20A       33        8       0
                text6                               285      285       1D        8       0
                text5                               2CD      2CD       13        8       0
                text4                                E9       E9       77        8       0
                text3                               263      263       22        8       0
                text2                               1D6      1D6       34        8       0
                text1                               2A2      2A2       18        8       0
                maintext                            23D      23D       26        8       0
                cstackBANK0                          3C       3C        C       20       1
                cstackCOMMON                         70       70        E       70       1
                inittext                            2BA      2BA       13        8       0
                dataBANK0                            20       20       10       20       1
                bssBANK0                             30       30        C       20       1
                idataBANK0                          2E0      2E0       10        8       0

TOTAL           Name                               Link     Load   Length     Space
        CLASS   CODE           
                end_init                             10       10        3         0
                cinit                                13       13       1E         0
                intentry                              4        4        C         0
                reset_vec                             0        0        3         0
                text9                               160      160       76         0
                text8                                31       31       B8         0
                text7                               20A      20A       33         0
                text6                               285      285       1D         0
                text5                               2CD      2CD       13         0
                text4                                E9       E9       77         0
                text3                               263      263       22         0
                text2                               1D6      1D6       34         0
                text1                               2A2      2A2       18         0
                maintext                            23D      23D       26         0
                inittext                            2BA      2BA       13         0
                idataBANK0                          2E0      2E0       10         0

        CLASS   STRCODE        

        CLASS   STRING         

        CLASS   CONST          

        CLASS   ENTRY          

        CLASS   COMMON         
                cstackCOMMON                         70       70        E         1

        CLASS   BANK0          
                cstackBANK0                          3C       3C        C         1
                dataBANK0                            20       20       10         1
                bssBANK0                             30       30        C         1

        CLASS   BANK1          

        CLASS   BANK2          

        CLASS   BANK3          

        CLASS   RAM            

        CLASS   ABS1           
                abs_s1                               7E       7E        2         1

        CLASS   SFR0           

        CLASS   SFR1           

        CLASS   SFR2           

        CLASS   SFR3           

        CLASS   CONFIG         
                config                             2007     2007        2         4

        CLASS   IDLOC          
                idloc                              2000     2000        4         5

        CLASS   EEDATA         

        CLASS   STACK          



SEGMENTS        Name                           Load    Length   Top    Selector   Space  Class     Delta

                reset_vec                      000000  000003  000003         0       0  CODE        2
                intentry                       000004  0002EC  0002F0         8       0  CODE        2
                dataBANK0                      000020  000028  000048        20       1  BANK0       1
                cstackCOMMON                   000070  00000E  00007E        70       1  COMMON      1


UNUSED ADDRESS RANGES

        Name                Unused          Largest block    Delta
        BANK0            0048-006F             28           1
        BANK1            00A0-00EF             50           1
        BANK2            0110-016F             60           1
        BANK3            0190-01EF             60           1
        CODE             0003-0003              1           2
                         02F0-1FFF            800
        CONST            0003-0003              1           2
                         02F0-1FFF            100
        EEDATA           2100-21FF            100           2
        ENTRY            0003-0003              1           2
                         02F0-1FFF            100
        RAM              0048-006F             28           1
                         00A0-00EF             50
                         0110-016F             60
                         0190-01EF             60
        SFR0             0000-001F             20           1
        SFR1             0080-009F             20           1
        SFR2             0100-010F             10           1
        SFR3             0180-018F             10           1
        STRCODE          0003-0003              1           2
                         02F0-1FFF           1D10
        STRING           0003-0003              1           2
                         02F0-1FFF            100

                                  Symbol Table

?___fltol                     cstackCOMMON 0070
?___xxtofl                    cstackCOMMON 0070
?_readADC                     cstackBANK0  003C
?_writeDisplayDecenas         cstackCOMMON 0070
?_writeDisplayUnidades        cstackCOMMON 0070
_ADCON0bits                   (abs)        001F
_ADCON1bits                   (abs)        009F
_ADC_Value                    bssBANK0     0036
_ADC_Voltaje                  bssBANK0     0030
_ADRESH                       (abs)        001E
_ANSEL                        (abs)        0188
_ANSELH                       (abs)        0189
_INTCONbits                   (abs)        000B
_IOCB                         (abs)        0096
_OPTION_REGbits               (abs)        0081
_OSCCONbits                   (abs)        008F
_PIE1bits                     (abs)        008C
_PIR1bits                     (abs)        000C
_PORTA                        (abs)        0005
_PORTB                        (abs)        0006
_PORTBbits                    (abs)        0006
_PORTC                        (abs)        0007
_PORTD                        (abs)        0008
_PORTE                        (abs)        0009
_PORTEbits                    (abs)        0009
_TMR0                         (abs)        0001
_TRISA                        (abs)        0085
_TRISB                        (abs)        0086
_TRISC                        (abs)        0087
_TRISD                        (abs)        0088
_TRISE                        (abs)        0089
__Habs1                       abs1         0000
__Hbank0                      bank0        0000
__Hbank1                      bank1        0000
__Hbank2                      bank2        0000
__Hbank3                      bank3        0000
__HbssBANK0                   bssBANK0     0000
__Hcinit                      cinit        0031
__Hclrtext                    clrtext      0000
__Hcode                       code         0000
__Hcommon                     common       0000
__Hconfig                     config       2009
__HcstackBANK0                cstackBANK0  0000
__HcstackCOMMON               cstackCOMMON 0000
__HdataBANK0                  dataBANK0    0000
__Heeprom_data                eeprom_data  0000
__Hend_init                   end_init     0013
__Hfunctab                    functab      0000
__HidataBANK0                 idataBANK0   0000
__Hidloc                      idloc        2004
__Hinit                       init         0010
__Hinittext                   inittext     0000
__Hintentry                   intentry     0010
__Hmaintext                   maintext     0000
__Hpowerup                    powerup      0000
__Hram                        ram          0000
__Hreset_vec                  reset_vec    0003
__Hsfr0                       sfr0         0000
__Hsfr1                       sfr1         0000
__Hsfr2                       sfr2         0000
__Hsfr3                       sfr3         0000
__Hspace_0                    (abs)        02F0
__Hspace_1                    (abs)        007E
__Hspace_2                    (abs)        0000
__Hspace_3                    (abs)        0000
__Hspace_4                    (abs)        4010
__Hstack                      stack        0000
__Hstrings                    strings      0000
__Htext                       text         0000
__Labs1                       abs1         0000
__Lbank0                      bank0        0000
__Lbank1                      bank1        0000
__Lbank2                      bank2        0000
__Lbank3                      bank3        0000
__LbssBANK0                   bssBANK0     0000
__Lcinit                      cinit        0013
__Lclrtext                    clrtext      0000
__Lcode                       code         0000
__Lcommon                     common       0000
__Lconfig                     config       0000
__LcstackBANK0                cstackBANK0  0000
__LcstackCOMMON               cstackCOMMON 0000
__LdataBANK0                  dataBANK0    0000
__Leeprom_data                eeprom_data  0000
__Lend_init                   end_init     0010
__Lfunctab                    functab      0000
__LidataBANK0                 idataBANK0   0000
__Lidloc                      idloc        0000
__Linit                       init         0010
__Linittext                   inittext     0000
__Lintentry                   intentry     0004
__Lmaintext                   maintext     0000
__Lpowerup                    powerup      0000
__Lram                        ram          0000
__Lreset_vec                  reset_vec    0000
__Lsfr0                       sfr0         0000
__Lsfr1                       sfr1         0000
__Lsfr2                       sfr2         0000
__Lsfr3                       sfr3         0000
__Lspace_0                    (abs)        0000
__Lspace_1                    (abs)        0000
__Lspace_2                    (abs)        0000
__Lspace_3                    (abs)        0000
__Lspace_4                    (abs)        0000
__Lstack                      stack        0000
__Lstrings                    strings      0000
__Ltext                       text         0000
__S0                          (abs)        02F0
__S1                          (abs)        007E
__S3                          (abs)        0000
___fltol                      text9        0160
___fltol@exp1                 cstackCOMMON 0079
___fltol@f1                   cstackCOMMON 0070
___fltol@sign1                cstackCOMMON 0078
___int_sp                     stack        0000
___latbits                    (abs)        0002
___sp                         stack        0000
___stackhi                    (abs)        0000
___stacklo                    (abs)        0000
___xxtofl                     text8        0031
___xxtofl@arg                 cstackCOMMON 007A
___xxtofl@exp                 cstackCOMMON 0079
___xxtofl@sign                cstackCOMMON 0078
___xxtofl@val                 cstackCOMMON 0070
__end_of___fltol              text9        01D6
__end_of___xxtofl             text8        00E9
__end_of__initialization      cinit        002D
__end_of_comparacion          text3        0285
__end_of_isr                  text4        0160
__end_of_main                 maintext     0263
__end_of_readADC              text7        023D
__end_of_setup                text2        020A
__end_of_setupADC             text1        02BA
__end_of_writeDisplayDecenas  text6        02A2
__end_of_writeDisplayUnidades text5        02E0
__initialization              cinit        0013
__pbssBANK0                   bssBANK0     0030
__pcstackBANK0                cstackBANK0  003C
__pcstackCOMMON               cstackCOMMON 0070
__pdataBANK0                  dataBANK0    0020
__pidataBANK0                 idataBANK0   02E0
__pintentry                   intentry     0004
__pmaintext                   maintext     023D
__ptext1                      text1        02A2
__ptext2                      text2        01D6
__ptext3                      text3        0263
__ptext4                      text4        00E9
__ptext5                      text5        02CD
__ptext6                      text6        0285
__ptext7                      text7        020A
__ptext8                      text8        0031
__ptext9                      text9        0160
_comparacion                  text3        0263
_decenas                      bssBANK0     003A
_display_sample1              bssBANK0     0039
_display_sample2              bssBANK0     0038
_i                            bssBANK0     0034
_isr                          text4        00E9
_main                         maintext     023D
_readADC                      text7        020A
_setup                        text2        01D6
_setupADC                     text1        02A2
_tabla                        dataBANK0    0020
_unidades                     bssBANK0     003B
_writeDisplayDecenas          text6        0285
_writeDisplayUnidades         text5        02CD
btemp                         (abs)        007E
end_of_initialization         cinit        002D
init_fetch0                   inittext     02BA
init_ram0                     inittext     02BE
interrupt_function            intentry     0004
intlevel0                     functab      0000
intlevel1                     functab      0000
intlevel2                     functab      0000
intlevel3                     functab      0000
intlevel4                     functab      0000
intlevel5                     functab      0000
reset_vec                     reset_vec    0000
saved_w                       (abs)        007E
start                         init         0010
start_initialization          cinit        0013
writeDisplayDecenas@valorDec  cstackCOMMON 0070
writeDisplayUnidades@valorUni cstackCOMMON 0070
wtemp0                        (abs)        007E


MODULE INFORMATION

Module		Function		Class		Link	Load	Size
C:\Program Files\Microchip\xc8\v2.40\pic\sources\c90\common\fltol.c
		___fltol       		CODE           	0160	0000	118

C:\Program Files\Microchip\xc8\v2.40\pic\sources\c90\common\fltol.c estimated size: 118

adc.c
		_readADC       		CODE           	020A	0000	51

adc.c estimated size: 51

shared
		__initialization		CODE           	0013	0000	26

shared estimated size: 26

display.c
		_writeDisplayDecenas		CODE           	0285	0000	29
		_writeDisplayUnidades		CODE           	02CD	0000	19

display.c estimated size: 48

main.c
		_main          		CODE           	023D	0000	38
		_comparacion   		CODE           	0263	0000	34
		_isr           		CODE           	00E9	0000	119
		_setup         		CODE           	01D6	0000	52
		_setupADC      		CODE           	02A2	0000	24

main.c estimated size: 267

C:\Program Files\Microchip\xc8\v2.40\pic\sources\c90\common\xxtofl.c
		___xxtofl      		CODE           	0031	0000	184

C:\Program Files\Microchip\xc8\v2.40\pic\sources\c90\common\xxtofl.c estimated size: 184

